[    2766ms] [INFO] %cDownload the React DevTools for a better development experience: https://react.dev/link/react-devtools font-weight:bold @ http://localhost:3199/_next/static/chunks/0htb_next_dist_1uhh_u2._.js:2489
[    2838ms] [LOG] [HMR] connected @ http://localhost:3199/_next/static/chunks/0htb_next_dist_1uhh_u2._.js:2489
[    2877ms] [ERROR] Failed to load resource: the server responded with a status of 404 (Not Found) @ http://localhost:3199/favicon.ico:0
[  156916ms] [INFO] %cDownload the React DevTools for a better development experience: https://react.dev/link/react-devtools font-weight:bold @ http://localhost:3199/_next/static/chunks/0htb_next_dist_1uhh_u2._.js:2489
[  156944ms] [LOG] [HMR] connected @ http://localhost:3199/_next/static/chunks/0htb_next_dist_1uhh_u2._.js:2489
[  158876ms] [LOG] [Fast Refresh] rebuilding @ http://localhost:3199/_next/static/chunks/0htb_next_dist_1uhh_u2._.js:2489
[  159171ms] [LOG] [Fast Refresh] done in 395ms @ http://localhost:3199/_next/static/chunks/0htb_next_dist_1uhh_u2._.js:2489
[  159198ms] [INFO] %cDownload the React DevTools for a better development experience: https://react.dev/link/react-devtools font-weight:bold @ http://localhost:3199/_next/static/chunks/0htb_next_dist_1uhh_u2._.js:2489
[  159206ms] [LOG] [HMR] connected @ http://localhost:3199/_next/static/chunks/0htb_next_dist_1uhh_u2._.js:2489
[  161185ms] [INFO] %cDownload the React DevTools for a better development experience: https://react.dev/link/react-devtools font-weight:bold @ http://localhost:3199/_next/static/chunks/0htb_next_dist_1uhh_u2._.js:2489
[  161192ms] [LOG] [HMR] connected @ http://localhost:3199/_next/static/chunks/0htb_next_dist_1uhh_u2._.js:2489
[  163214ms] [LOG] [Fast Refresh] rebuilding @ http://localhost:3199/_next/static/chunks/0htb_next_dist_1uhh_u2._.js:2489
[  163391ms] [LOG] [Fast Refresh] done in 279ms @ http://localhost:3199/_next/static/chunks/0htb_next_dist_1uhh_u2._.js:2489
[  163431ms] [INFO] %cDownload the React DevTools for a better development experience: https://react.dev/link/react-devtools font-weight:bold @ http://localhost:3199/_next/static/chunks/0htb_next_dist_1uhh_u2._.js:2489
[  163443ms] [LOG] [HMR] connected @ http://localhost:3199/_next/static/chunks/0htb_next_dist_1uhh_u2._.js:2489
[  166051ms] [LOG] [Fast Refresh] rebuilding @ http://localhost:3199/_next/static/chunks/0htb_next_dist_1uhh_u2._.js:2489
[  166262ms] [LOG] [Fast Refresh] done in 313ms @ http://localhost:3199/_next/static/chunks/0htb_next_dist_1uhh_u2._.js:2489
[  166284ms] [INFO] %cDownload the React DevTools for a better development experience: https://react.dev/link/react-devtools font-weight:bold @ http://localhost:3199/_next/static/chunks/0htb_next_dist_1uhh_u2._.js:2489
[  166293ms] [LOG] [HMR] connected @ http://localhost:3199/_next/static/chunks/0htb_next_dist_1uhh_u2._.js:2489
[  168254ms] [LOG] [Fast Refresh] rebuilding @ http://localhost:3199/_next/static/chunks/0htb_next_dist_1uhh_u2._.js:2489
[  168392ms] [INFO] %cDownload the React DevTools for a better development experience: https://react.dev/link/react-devtools font-weight:bold @ http://localhost:3199/_next/static/chunks/0htb_next_dist_1uhh_u2._.js:2489
[  168400ms] [LOG] [HMR] connected @ http://localhost:3199/_next/static/chunks/0htb_next_dist_1uhh_u2._.js:2489
[  170363ms] [LOG] [Fast Refresh] rebuilding @ http://localhost:3199/_next/static/chunks/0htb_next_dist_1uhh_u2._.js:2489
[  170629ms] [INFO] %cDownload the React DevTools for a better development experience: https://react.dev/link/react-devtools font-weight:bold @ http://localhost:3199/_next/static/chunks/0htb_next_dist_1uhh_u2._.js:2489
[  170637ms] [LOG] [HMR] connected @ http://localhost:3199/_next/static/chunks/0htb_next_dist_1uhh_u2._.js:2489
[  172562ms] [LOG] [Fast Refresh] rebuilding @ http://localhost:3199/_next/static/chunks/0htb_next_dist_1uhh_u2._.js:2489
[  172762ms] [INFO] %cDownload the React DevTools for a better development experience: https://react.dev/link/react-devtools font-weight:bold @ http://localhost:3199/_next/static/chunks/0htb_next_dist_1uhh_u2._.js:2489
[  172777ms] [LOG] [HMR] connected @ http://localhost:3199/_next/static/chunks/0htb_next_dist_1uhh_u2._.js:2489
[  261281ms] [LOG] [Fast Refresh] rebuilding @ http://localhost:3199/_next/static/chunks/0htb_next_dist_1uhh_u2._.js:2489
[  261425ms] [LOG] [Fast Refresh] done in 153ms @ http://localhost:3199/_next/static/chunks/0htb_next_dist_1uhh_u2._.js:2489
[  272916ms] [LOG] [Fast Refresh] rebuilding @ http://localhost:3199/_next/static/chunks/0htb_next_dist_1uhh_u2._.js:2489
[  272946ms] [LOG] [Fast Refresh] done in 46ms @ http://localhost:3199/_next/static/chunks/0htb_next_dist_1uhh_u2._.js:2489
